

PHPUnit 12.3.8 by Sebastian Bergmann and contributors.

Runtime:       PHP 8.4.6
Configuration: C:\Users\prote\Documents\ChatGPT-Micro-Cap-Experiment\phpunit.xml

.....Γ£ô Symbol IBM registered and tables created.
Tables created: prices, indicators
DΓåÆ Symbol AAPL already exists. Tables checked.
DError: Symbol required
Add Symbol Tool

Usage:
  php AddNewSymbol.php SYMBOL [OPTIONS]

Options:
  --company=NAME       Company name
  --sector=SECTOR      Business sector
  --industry=INDUSTRY  Industry classification
  --market-cap=SIZE    Market cap size (micro, small, mid, large)
  --inactive           Create symbol as inactive

Examples:
  php AddNewSymbol.php IBM
  php AddNewSymbol.php AAPL --company="Apple Inc." --sector="Technology"
.Γ£ô Symbol AAPL registered and tables created.
.Γ£ô Symbol IBM registered and tables created.
.Error: Database error
.Γ£ô Symbol IBM registered and tables created.
D.....
=== BULK IMPORT SUMMARY ===
Total symbols processed: 3
Already existed: 1
Newly created: 2
Errors: 0

Newly created symbols:
  Γ£ô IBM
  Γ£ô AAPL

Symbols that already existed:
  ΓåÆ GOOGL
.
=== BULK IMPORT SUMMARY ===
Total symbols processed: 3
Already existed: 2
Newly created: 1
Errors: 0

Newly created symbols:
  Γ£ô IBM

Symbols that already existed:
  ΓåÆ AAPL
  ΓåÆ GOOGL
.
=== BULK IMPORT SUMMARY ===
Total symbols processed: 2
Already existed: 0
Newly created: 0
Errors: 0
.Error: No symbols specified
Bulk Import Symbols Tool

Usage:
  php BulkImportSymbols.php [OPTIONS]

Options:
  --file=PATH          Import symbols from file (one per line)
  --symbols=LIST       Comma-separated list of symbols
  --dry-run           Show what would be done without making changes
  --help              Show this help message

Examples:
  php BulkImportSymbols.php --symbols=IBM,AAPL,GOOGL
  php BulkImportSymbols.php --file=symbols.txt --dry-run
  php BulkImportSymbols.php --file=symbols.txt --symbols=TSLA,MSFT
.Error: File not found: nonexistent.txt
Bulk Import Symbols Tool

Usage:
  php BulkImportSymbols.php [OPTIONS]

Options:
  --file=PATH          Import symbols from file (one per line)
  --symbols=LIST       Comma-separated list of symbols
  --dry-run           Show what would be done without making changes
  --help              Show this help message

Examples:
  php BulkImportSymbols.php --symbols=IBM,AAPL,GOOGL
  php BulkImportSymbols.php --file=symbols.txt --dry-run
  php BulkImportSymbols.php --file=symbols.txt --symbols=TSLA,MSFT
.Error: Database error
.........RR....EFE......FE                  48 / 48 (100%)

Time: 00:08.264, Memory: 16.00 MB

Add Symbol Action
 Γ£ö Execute creates symbol
 Γ£ö Execute symbol exists
 Γ£ö Execute invalid symbol
 Γ£ö Execute symbol exists but no tables
 Γ£ö Execute with company data

Add Symbol Cli Handler
 ΓÜá Run with valid symbol
 ΓÜá Run with existing symbol
 Γ£ö Run with missing symbol
 Γ£ö Run with options
 Γ£ö Run with inactive flag
 Γ£ö Run with action exception
 ΓÜá Symbol case normalization

Bulk Import Symbols Action
 Γ£ö Execute dry run
 Γ£ö Execute creates and exists
 Γ£ö Execute invalid symbol
 Γ£ö Execute with exception
 Γ£ö Execute mixed results

Bulk Import Symbols Cli Handler
 Γ£ö Run with symbols argument
 Γ£ö Run with file argument
 Γ£ö Run with dry run
 Γ£ö Run with no symbols specified
 Γ£ö Run with file not found
 Γ£ö Run with action exception

Manage Symbols Action
 Γ£ö List symbols returns all
 Γ£ö Stats returns null if not found
 Γ£ö Check returns exists and stats
 Γ£ö Remove calls manager
 Γ£ö Activate new symbol
 Γ£ö Activate existing symbol
 Γ£ö Deactivate symbol
 Γ£ö Cleanup orphaned tables

Manage Symbols Cli Handler
 ΓÜá Run with insufficient arguments
 ΓÜá Run with unknown command
 Γ£ö Show usage

Migrate Symbol Action
 Γ£ö Execute invalid symbol
 Γ£ö Execute dry run
 Γ£ö Execute with empty tables

Migrate Symbols Cli Handler
 Γ£ÿ Run with no symbols found
   Γöé
   Γöé PHPUnit\Framework\MockObject\CannotUseOnlyMethodsException: Trying to configure method "exit" with onlyMethods(), but it does not exist in class "MigrateSymbolsCliHandler"
   Γöé
   Γöé C:\Users\prote\Documents\ChatGPT-Micro-Cap-Experiment\tests\MigrateSymbolsCliHandlerTest.php:11
   Γöé

Portfolio DAOApi
 Γ£ÿ Rest portfolio read
   Γöé
   Γöé REST API did not return a response
   Γöé Failed asserting that false is not false.
   Γöé
   Γöé C:\Users\prote\Documents\ChatGPT-Micro-Cap-Experiment\tests\PortfolioDAOApiTest.php:12
   Γöé
 Γ£ÿ Soap portfolio read
   Γöé
   Γöé Error: Class "SoapClient" not found
   Γöé
   Γöé C:\Users\prote\Documents\ChatGPT-Micro-Cap-Experiment\tests\PortfolioDAOApiTest.php:19
   Γöé

Table Type Registry
 Γ£ö Is valid symbol valid
 Γ£ö Is valid symbol invalid
 Γ£ö Is valid symbol boundary conditions
 Γ£ö Is valid symbol with null and non string
 Γ£ö Table types constant
 Γ£ö Table types uniqueness

Trade Log DAOApi
 Γ£ÿ Rest trade log read
   Γöé
   Γöé REST API did not return a response
   Γöé Failed asserting that false is not false.
   Γöé
   Γöé C:\Users\prote\Documents\ChatGPT-Micro-Cap-Experiment\tests\TradeLogDAOApiTest.php:12
   Γöé
 Γ£ÿ Soap trade log read
   Γöé
   Γöé Error: Class "SoapClient" not found
   Γöé
   Γöé C:\Users\prote\Documents\ChatGPT-Micro-Cap-Experiment\tests\TradeLogDAOApiTest.php:19
   Γöé

There were 2 risky tests:

1) ManageSymbolsCliHandlerTest::testRunWithInsufficientArguments
Test code or tested code did not close its own output buffers

C:\Users\prote\Documents\ChatGPT-Micro-Cap-Experiment\tests\ManageSymbolsCliHandlerTest.php:11

2) ManageSymbolsCliHandlerTest::testRunWithUnknownCommand
Test code or tested code did not close its own output buffers

C:\Users\prote\Documents\ChatGPT-Micro-Cap-Experiment\tests\ManageSymbolsCliHandlerTest.php:22

--

2 tests triggered 2 PHP warnings:

1) C:\Users\prote\Documents\ChatGPT-Micro-Cap-Experiment\tests\PortfolioDAOApiTest.php:11
file_get_contents(http://localhost:8000/web_ui/portfolio_rest_api.php?action=readPortfolio&type=micro): Failed to open stream: No connection could be made because the target machine actively refused it

2) C:\Users\prote\Documents\ChatGPT-Micro-Cap-Experiment\tests\TradeLogDAOApiTest.php:11
file_get_contents(http://localhost:8000/web_ui/portfolio_rest_api.php?action=readTradeLog&type=micro): Failed to open stream: No connection could be made because the target machine actively refused it

ERRORS!
Tests: 48, Assertions: 145, Errors: 3, Failures: 2, Warnings: 2, PHPUnit Deprecations: 4, Risky: 2.
